../Core/Src/main.c:86:5:main	56	static
../Core/Src/main.c:181:6:SystemClock_Config	88	static
../Core/Src/main.c:227:13:MX_ADC1_Init	24	static
../Core/Src/main.c:288:13:MX_TIM2_Init	64	static
../Core/Src/main.c:346:13:MX_TIM3_Init	48	static
../Core/Src/main.c:394:13:MX_USART2_UART_Init	8	static
../Core/Src/main.c:425:13:MX_DMA_Init	16	static
../Core/Src/main.c:447:13:MX_GPIO_Init	40	static
../Core/Src/main.c:472:6:HAL_TIM_PWM_PulseFinishedCallback	16	static
../Core/Src/main.c:478:6:HAL_ADC_ConvCpltCallback	24	static
../Core/Src/main.c:504:6:Error_Handler	4	static,ignoring_inline_asm
